layer at (0,0) size 800x600
  RenderView at (0,0) size 800x600
layer at (0,0) size 800x600
  RenderBlock {HTML} at (0,0) size 800x600
    RenderBody {BODY} at (8,8) size 784x584
      RenderTextControl {INPUT} at (2,2) size 123x19 [bgcolor=#FFFFFF] [border: (2px inset #EEEEEE)]
      RenderText {#text} at (127,2) size 4x18
        text run at (127,2) width 4: " "
      RenderTextControl {INPUT} at (133,2) size 123x19 [color=#FF0000] [bgcolor=#FFFFFF] [border: (2px inset #EEEEEE)]
      RenderText {#text} at (258,2) size 4x18
        text run at (258,2) width 4: " "
      RenderTextControl {INPUT} at (264,2) size 123x19 [bgcolor=#008000] [border: (2px inset #EEEEEE)]
      RenderText {#text} at (389,2) size 4x18
        text run at (389,2) width 4: " "
      RenderTextControl {INPUT} at (395,2) size 123x19 [color=#FF0000] [bgcolor=#008000] [border: (2px inset #EEEEEE)]
      RenderText {#text} at (0,0) size 0x0
layer at (13,13) size 117x13
  RenderBlock {DIV} at (3,3) size 117x13
    RenderText {#text} at (0,0) size 38x13
      text run at (0,0) width 38: "default"
layer at (144,13) size 117x13
  RenderBlock {DIV} at (3,3) size 117x13
    RenderText {#text} at (0,0) size 18x13
      text run at (0,0) width 18: "red"
layer at (275,13) size 117x13
  RenderBlock {DIV} at (3,3) size 117x13
    RenderText {#text} at (0,0) size 89x13
      text run at (0,0) width 89: "default on green"
layer at (406,13) size 117x13
  RenderBlock {DIV} at (3,3) size 117x13
    RenderText {#text} at (0,0) size 69x13
      text run at (0,0) width 69: "red on green"
