layer at (0,0) size 800x600
  RenderView at (0,0) size 800x600
layer at (0,0) size 800x600
  RenderBlock {HTML} at (0,0) size 800x600
    RenderBody {BODY} at (8,8) size 784x584
      RenderTextControl {INPUT} at (2,2) size 153x22 [bgcolor=#FFFFFF] [border: (2px inset #EEEEEE)]
      RenderText {#text} at (157,3) size 4x19
        text run at (157,3) width 4: " "
      RenderTextControl {INPUT} at (163,2) size 153x22 [color=#FF0000] [bgcolor=#FFFFFF] [border: (2px inset #EEEEEE)]
      RenderText {#text} at (318,3) size 4x19
        text run at (318,3) width 4: " "
      RenderTextControl {INPUT} at (324,2) size 153x22 [bgcolor=#008000] [border: (2px inset #EEEEEE)]
      RenderText {#text} at (479,3) size 4x19
        text run at (479,3) width 4: " "
      RenderTextControl {INPUT} at (485,2) size 153x22 [color=#FF0000] [bgcolor=#008000] [border: (2px inset #EEEEEE)]
      RenderText {#text} at (0,0) size 0x0
layer at (12,13) size 149x16
  RenderBlock {DIV} at (2,3) size 149x16
    RenderText {#text} at (0,0) size 38x16
      text run at (0,0) width 38: "default"
layer at (173,13) size 149x16
  RenderBlock {DIV} at (2,3) size 149x16
    RenderText {#text} at (0,0) size 18x16
      text run at (0,0) width 18: "red"
layer at (334,13) size 149x16
  RenderBlock {DIV} at (2,3) size 149x16
    RenderText {#text} at (0,0) size 92x16
      text run at (0,0) width 92: "default on green"
layer at (495,13) size 149x16
  RenderBlock {DIV} at (2,3) size 149x16
    RenderText {#text} at (0,0) size 72x16
      text run at (0,0) width 72: "red on green"
