layer at (0,0) size 800x600
  RenderView at (0,0) size 800x600
layer at (0,0) size 800x600
  RenderBlock {HTML} at (0,0) size 800x600
    RenderBody {BODY} at (8,8) size 784x576
      RenderBlock {FORM} at (0,0) size 784x194
        RenderBlock {HR} at (0,0) size 602x2 [border: (1px inset #EEEEEE)]
        RenderTable {TABLE} at (0,10) size 600x184
          RenderTableSection {TBODY} at (0,0) size 600x184
            RenderTableRow {TR} at (0,2) size 600x44
              RenderTableCell {TD} at (2,2) size 594x44 [r=0 c=0 rs=1 cs=3]
                RenderImage {IMG} at (7.50,1) size 579x42
                RenderText {#text} at (0,0) size 0x0
            RenderTableRow {TR} at (0,48) size 600x55
              RenderTableCell {TD} at (2,55) size 594x40 [bgcolor=#99CCCC] [r=1 c=0 rs=1 cs=3]
                RenderInline {FONT} at (0,0) size 128x15
                  RenderInline {B} at (0,0) size 128x15
                    RenderText {#text} at (71,5) size 128x15
                      text run at (71,5) width 128: "Search the Web with"
                RenderText {#text} at (198,3) size 5x18
                  text run at (198,3) width 5: " "
                RenderMenuList {SELECT} at (204.45,4) size 80x18 [bgcolor=#F8F8F8]
                  RenderBlock (anonymous) at (0,0) size 80x18
                    RenderText at (8,2) size 49x13
                      text run at (8,2) width 49: "Netscape"
                RenderTextControl {INPUT} at (288.45,3) size 173x19 [bgcolor=#FFFFFF] [border: (2px inset #EEEEEE)]
                RenderText {#text} at (463,3) size 5x18
                  text run at (463,3) width 5: " "
                RenderButton {INPUT} at (469.45,4) size 51.09x18 [bgcolor=#C0C0C0]
                  RenderBlock (anonymous) at (8,2.50) size 35.09x13
                    RenderText {#text} at (0,0) size 36x13
                      text run at (0,0) width 36: "Search"
                RenderBR {BR} at (522,17) size 1x0
                RenderInline {SMALL} at (0,0) size 572x15
                  RenderInline {A} at (0,0) size 102x15 [color=#0000EE]
                    RenderText {#text} at (11,24) size 102x15
                      text run at (11,24) width 102: "Classifieds< /A>   "
                  RenderInline {A} at (0,0) size 60x15 [color=#0000EE]
                    RenderText {#text} at (112,24) size 60x15
                      text run at (112,24) width 24: "Net "
                      text run at (135,24) width 37: "Search"
                  RenderText {#text} at (171,24) size 10x15
                    text run at (171,24) width 10: "   "
                  RenderInline {A} at (0,0) size 84x15 [color=#0000EE]
                    RenderText {#text} at (180,24) size 84x15
                      text run at (180,24) width 58: "Find Web "
                      text run at (237,24) width 27: "Sites"
                  RenderText {#text} at (263,24) size 10x15
                    text run at (263,24) width 4: " "
                    text run at (266,24) width 7: "  "
                  RenderInline {A} at (0,0) size 68x15 [color=#0000EE]
                    RenderText {#text} at (272,24) size 68x15
                      text run at (272,24) width 41: "What's "
                      text run at (312,24) width 28: "Cool"
                  RenderText {#text} at (339,24) size 10x15
                    text run at (339,24) width 10: "   "
                  RenderInline {A} at (0,0) size 67x15 [color=#0000EE]
                    RenderText {#text} at (348,24) size 67x15
                      text run at (348,24) width 67: "What's New"
                  RenderText {#text} at (414,24) size 10x15
                    text run at (414,24) width 10: "   "
                  RenderInline {A} at (0,0) size 76x15 [color=#0000EE]
                    RenderText {#text} at (423,24) size 76x15
                      text run at (423,24) width 76: "People Finder"
                  RenderText {#text} at (498,24) size 10x15
                    text run at (498,24) width 10: "   "
                  RenderInline {A} at (0,0) size 76x15 [color=#0000EE]
                    RenderText {#text} at (507,24) size 76x15
                      text run at (507,24) width 76: "Yellow Pages"
                  RenderText {#text} at (0,0) size 0x0
                RenderText {#text} at (0,0) size 0x0
            RenderTableRow {TR} at (0,105) size 600x50
              RenderTableCell {TD} at (2,114) size 159x32 [r=2 c=0 rs=1 cs=1]
                RenderInline {A} at (0,0) size 115x33 [color=#0000EE]
                  RenderInline {FONT} at (0,0) size 115x30 [color=#CC0033]
                    RenderText {#text} at (22,1) size 115x30
                      text run at (22,1) width 115: "Download Netscape"
                      text run at (26,16) width 107: "Communicator 4.5"
              RenderTableCell {TD} at (163,105) size 270x50 [r=2 c=1 rs=1 cs=1]
                RenderInline {A} at (0,0) size 232x28 [color=#0000EE]
                  RenderImage {IMG} at (19,1) size 232x35 [border: (1px solid #0000EE)]
                  RenderBR {BR} at (251,36) size 0x0
                  RenderInline {FONT} at (0,0) size 46x13
                    RenderText {#text} at (112,36) size 46x13
                      text run at (112,36) width 46: "Click Here!"
                RenderBR {BR} at (158,46) size 0x0
              RenderTableCell {TD} at (435,121) size 161x17 [r=2 c=2 rs=1 cs=1]
                RenderInline {A} at (0,0) size 129x18 [color=#0000EE]
                  RenderInline {FONT} at (0,0) size 129x15 [color=#0066FF]
                    RenderText {#text} at (16,1) size 129x15
                      text run at (16,1) width 129: "Hassle-Free Upgrades"
                RenderText {#text} at (0,0) size 0x0
            RenderTableRow {TR} at (0,157) size 600x20
              RenderTableCell {TD} at (2,157) size 594x20 [r=3 c=0 rs=1 cs=3]
                RenderInline {A} at (0,0) size 47x18 [color=#0000EE]
                  RenderInline {FONT} at (0,0) size 47x15 [color=#0066FF]
                    RenderInline {B} at (0,0) size 47x15
                      RenderText {#text} at (15,3) size 47x15
                        text run at (15,3) width 47: "Contact"
                RenderText {#text} at (62,1) size 12x18
                  text run at (62,1) width 12: " : "
                RenderInline {SMALL} at (0,0) size 505x15
                  RenderInline {A} at (0,0) size 77x15 [color=#0000EE]
                    RenderText {#text} at (74,3) size 77x15
                      text run at (74,3) width 77: "Address Book"
                  RenderText {#text} at (151,3) size 10x15
                    text run at (151,3) width 10: " - "
                  RenderInline {A} at (0,0) size 65x15 [color=#0000EE]
                    RenderText {#text} at (161,3) size 65x15
                      text run at (161,3) width 65: "Discussions"
                  RenderText {#text} at (226,3) size 10x15
                    text run at (226,3) width 10: " - "
                  RenderInline {A} at (0,0) size 98x15 [color=#0000EE]
                    RenderText {#text} at (236,3) size 98x15
                      text run at (236,3) width 98: "Instant Messenger"
                  RenderText {#text} at (334,3) size 10x15
                    text run at (334,3) width 10: " - "
                  RenderInline {A} at (0,0) size 80x15 [color=#0000EE]
                    RenderText {#text} at (344,3) size 80x15
                      text run at (344,3) width 80: "Long Distance"
                  RenderText {#text} at (424,3) size 10x15
                    text run at (424,3) width 10: " - "
                  RenderInline {A} at (0,0) size 50x15 [color=#0000EE]
                    RenderText {#text} at (434,3) size 50x15
                      text run at (434,3) width 50: "Members"
                  RenderText {#text} at (484,3) size 10x15
                    text run at (484,3) width 10: " - "
                  RenderInline {A} at (0,0) size 85x15 [color=#0000EE]
                    RenderText {#text} at (494,3) size 85x15
                      text run at (494,3) width 85: "WebMail< /A>"
                RenderInline {A} at (0,0) size 0x18 [color=#0000EE]
                  RenderText {#text} at (0,0) size 0x0
            RenderTableRow {TR} at (0,179) size 600x3
              RenderTableCell {TD} at (2,179) size 596x3 [bgcolor=#99CCCC] [r=4 c=0 rs=1 cs=4]
                RenderTable {TABLE} at (1,1) size 1x1
                  RenderTableSection {TBODY} at (0,0) size 1x1
                    RenderTableRow {TR} at (0,0) size 1x1
                      RenderTableCell {TD} at (0,0) size 0x0 [r=0 c=0 rs=1 cs=1]
layer at (301,79) size 167x13
  RenderBlock {DIV} at (3,3) size 167x13
