layer at (0,0) size 785x2589
  RenderView at (0,0) size 785x600
layer at (0,0) size 785x2589
  RenderBlock {HTML} at (0,0) size 785x2589.22
    RenderBody {BODY} at (8,21.44) size 769x2551.78 [bgcolor=#FFFFFF]
      RenderBlock {H1} at (0,0) size 769x37
        RenderText {#text} at (0,0) size 365x37
          text run at (0,0) width 365: "Table Inheritance Tests - 1"
      RenderBlock {P} at (0,58.44) size 769x18
        RenderText {#text} at (0,0) size 387x18
          text run at (0,0) width 387: "If you have any comments to make regarding this test, e-mail "
        RenderInline {A} at (0,0) size 182x18 [color=#0000EE]
          RenderText {#text} at (387,0) size 182x18
            text run at (387,0) width 182: "py8ieh=eviltests@bath.ac.uk"
        RenderText {#text} at (569,0) size 4x18
          text run at (569,0) width 4: "."
      RenderBlock {DL} at (0,92.44) size 769x36
        RenderBlock {DT} at (0,0) size 769x18
          RenderText {#text} at (0,0) size 80x18
            text run at (0,0) width 80: "Prerequisites"
        RenderBlock {DD} at (40,18) size 729x18
          RenderText {#text} at (0,0) size 550x18
            text run at (0,0) width 550: "Browsers that are subjected to this test should support CSS1 and the CSS2 table model."
      RenderBlock {H2} at (0,148.34) size 769x28
        RenderText {#text} at (0,0) size 104x28
          text run at (0,0) width 104: "0. Control"
      RenderBlock {P} at (0,196.25) size 769x18
        RenderText {#text} at (0,0) size 401x18
          text run at (0,0) width 401: "The following four tests should look identical, namely, like this:"
      RenderBlock {DIV} at (0,230.25) size 769x74 [color=#FFFFFF] [bgcolor=#000000]
        RenderText {#text} at (0,0) size 716x74
          text run at (0,0) width 716: "This text should be white on black, bold, twice"
          text run at (0,37) width 587: "the size of normal text, and sans serif."
      RenderBlock {P} at (0,320.25) size 769x72
        RenderText {#text} at (0,0) size 754x72
          text run at (0,0) width 744: "There are some minor exceptions, however. The x.1 tests should fill the viewport width, the other tests need not. Also,"
          text run at (0,18) width 750: "browsers attempting to have backwards compatability with the buggy behaviour of legacy browsers may omit to inherit"
          text run at (0,36) width 754: "the color and font-size in 1.1, which will make 1.1 (but only 1.1) unreadable. That is the problem with not following the"
          text run at (0,54) width 38: "specs."
      RenderBlock {H2} at (0,412.16) size 769x28
        RenderText {#text} at (0,0) size 172x28
          text run at (0,0) width 172: "1. HTML Tables"
      RenderBlock {H3} at (0,460.06) size 769x22
        RenderText {#text} at (0,0) size 238x22
          text run at (0,0) width 238: "1.1 Inheritance through a DIV"
      RenderBlock {DIV} at (0,500.78) size 769x80 [color=#FFFFFF] [bgcolor=#000000]
        RenderTable {TABLE} at (0,0) size 769x80
          RenderTableSection {TBODY} at (0,0) size 769x80
            RenderTableRow {TR} at (0,2) size 769x76
              RenderTableCell {TD} at (2,2) size 765x76 [r=0 c=0 rs=1 cs=1]
                RenderText {#text} at (1,1) size 716x74
                  text run at (1,1) width 716: "This text should be white on black, bold, twice"
                  text run at (1,38) width 587: "the size of normal text, and sans serif."
      RenderBlock {H3} at (0,599.50) size 769x22
        RenderText {#text} at (0,0) size 254x22
          text run at (0,0) width 254: "1.2 Styles set directly on TABLE"
      RenderTable {TABLE} at (0,640.22) size 769x80 [color=#FFFFFF] [bgcolor=#000000]
        RenderTableSection {TBODY} at (0,0) size 769x80
          RenderTableRow {TR} at (0,2) size 769x76
            RenderTableCell {TD} at (2,2) size 765x76 [r=0 c=0 rs=1 cs=1]
              RenderText {#text} at (1,1) size 716x74
                text run at (1,1) width 716: "This text should be white on black, bold, twice"
                text run at (1,38) width 587: "the size of normal text, and sans serif."
      RenderBlock {H2} at (0,740.13) size 769x28
        RenderText {#text} at (0,0) size 228x28
          text run at (0,0) width 228: "2. Explicit CSS Tables"
      RenderBlock {H3} at (0,788.03) size 769x22
        RenderText {#text} at (0,0) size 238x22
          text run at (0,0) width 238: "2.1 Inheritance through a DIV"
      RenderBlock {DIV} at (0,828.75) size 769x74 [color=#FFFFFF] [bgcolor=#000000]
        RenderTable {DIV} at (0,0) size 769x74
          RenderTableSection (anonymous) at (0,0) size 769x74
            RenderTableRow {DIV} at (0,0) size 769x74
              RenderTableCell {DIV} at (0,0) size 769x74 [r=0 c=0 rs=1 cs=1]
                RenderText {#text} at (0,0) size 716x74
                  text run at (0,0) width 716: "This text should be white on black, bold, twice"
                  text run at (0,37) width 587: "the size of normal text, and sans serif."
      RenderBlock {H3} at (0,921.47) size 769x22
        RenderText {#text} at (0,0) size 254x22
          text run at (0,0) width 254: "2.2 Styles set directly on TABLE"
      RenderTable {DIV} at (0,962.19) size 769x74 [color=#FFFFFF] [bgcolor=#000000]
        RenderTableSection (anonymous) at (0,0) size 769x74
          RenderTableRow {DIV} at (0,0) size 769x74
            RenderTableCell {DIV} at (0,0) size 769x74 [r=0 c=0 rs=1 cs=1]
              RenderText {#text} at (0,0) size 716x74
                text run at (0,0) width 716: "This text should be white on black, bold, twice"
                text run at (0,37) width 587: "the size of normal text, and sans serif."
      RenderBlock {H3} at (0,1054.91) size 769x22
        RenderText {#text} at (0,0) size 240x22
          text run at (0,0) width 240: "2.3 Styles set directly on ROW"
      RenderTable {DIV} at (0,1095.63) size 769x74
        RenderTableSection (anonymous) at (0,0) size 769x74
          RenderTableRow {DIV} at (0,0) size 769x74 [color=#FFFFFF] [bgcolor=#000000]
            RenderTableCell {DIV} at (0,0) size 769x74 [r=0 c=0 rs=1 cs=1]
              RenderText {#text} at (0,0) size 716x74
                text run at (0,0) width 716: "This text should be white on black, bold, twice"
                text run at (0,37) width 587: "the size of normal text, and sans serif."
      RenderBlock {H3} at (0,1188.34) size 769x22
        RenderText {#text} at (0,0) size 242x22
          text run at (0,0) width 242: "2.4 Styles set directly on CELL"
      RenderTable {DIV} at (0,1229.06) size 769x74
        RenderTableSection (anonymous) at (0,0) size 769x74
          RenderTableRow {DIV} at (0,0) size 769x74
            RenderTableCell {DIV} at (0,0) size 769x74 [color=#FFFFFF] [bgcolor=#000000] [r=0 c=0 rs=1 cs=1]
              RenderText {#text} at (0,0) size 716x74
                text run at (0,0) width 716: "This text should be white on black, bold, twice"
                text run at (0,37) width 587: "the size of normal text, and sans serif."
      RenderBlock {H2} at (0,1322.97) size 769x28
        RenderText {#text} at (0,0) size 384x28
          text run at (0,0) width 384: "3. Implicit CSS Tables (table explicit)"
      RenderBlock {H3} at (0,1370.88) size 769x22
        RenderText {#text} at (0,0) size 238x22
          text run at (0,0) width 238: "3.1 Inheritance through a DIV"
      RenderBlock {DIV} at (0,1411.59) size 769x74 [color=#FFFFFF] [bgcolor=#000000]
        RenderTable {DIV} at (0,0) size 769x74
          RenderTableSection (anonymous) at (0,0) size 769x74
            RenderTableRow (anonymous) at (0,0) size 769x74
              RenderTableCell (anonymous) at (0,0) size 769x74 [r=0 c=0 rs=1 cs=1]
                RenderText {#text} at (0,0) size 716x74
                  text run at (0,0) width 716: "This text should be white on black, bold, twice"
                  text run at (0,37) width 587: "the size of normal text, and sans serif."
      RenderBlock {H3} at (0,1504.31) size 769x22
        RenderText {#text} at (0,0) size 254x22
          text run at (0,0) width 254: "3.2 Styles set directly on TABLE"
      RenderTable {DIV} at (0,1545.03) size 769x74 [color=#FFFFFF] [bgcolor=#000000]
        RenderTableSection (anonymous) at (0,0) size 769x74
          RenderTableRow (anonymous) at (0,0) size 769x74
            RenderTableCell (anonymous) at (0,0) size 769x74 [r=0 c=0 rs=1 cs=1]
              RenderText {#text} at (0,0) size 716x74
                text run at (0,0) width 716: "This text should be white on black, bold, twice"
                text run at (0,37) width 587: "the size of normal text, and sans serif."
      RenderBlock {H2} at (0,1638.94) size 769x28
        RenderText {#text} at (0,0) size 373x28
          text run at (0,0) width 373: "4. Implicit CSS Tables (row explicit)"
      RenderBlock {H3} at (0,1686.84) size 769x22
        RenderText {#text} at (0,0) size 238x22
          text run at (0,0) width 238: "4.1 Inheritance through a DIV"
      RenderBlock {DIV} at (0,1727.56) size 769x74 [color=#FFFFFF] [bgcolor=#000000]
        RenderTable at (0,0) size 769x74
          RenderTableSection (anonymous) at (0,0) size 769x74
            RenderTableRow {DIV} at (0,0) size 769x74
              RenderTableCell (anonymous) at (0,0) size 769x74 [r=0 c=0 rs=1 cs=1]
                RenderText {#text} at (0,0) size 716x74
                  text run at (0,0) width 716: "This text should be white on black, bold, twice"
                  text run at (0,37) width 587: "the size of normal text, and sans serif."
      RenderBlock {H3} at (0,1820.28) size 769x22
        RenderText {#text} at (0,0) size 240x22
          text run at (0,0) width 240: "4.2 Styles set directly on ROW"
      RenderTable at (0,1861) size 769x74
        RenderTableSection (anonymous) at (0,0) size 769x74
          RenderTableRow {DIV} at (0,0) size 769x74 [color=#FFFFFF] [bgcolor=#000000]
            RenderTableCell (anonymous) at (0,0) size 769x74 [r=0 c=0 rs=1 cs=1]
              RenderText {#text} at (0,0) size 716x74
                text run at (0,0) width 716: "This text should be white on black, bold, twice"
                text run at (0,37) width 587: "the size of normal text, and sans serif."
      RenderBlock {H2} at (0,1954.91) size 769x28
        RenderText {#text} at (0,0) size 369x28
          text run at (0,0) width 369: "5. Implicit CSS Tables (cell explicit)"
      RenderBlock {H3} at (0,2002.81) size 769x22
        RenderText {#text} at (0,0) size 238x22
          text run at (0,0) width 238: "5.1 Inheritance through a DIV"
      RenderBlock {DIV} at (0,2043.53) size 769x74 [color=#FFFFFF] [bgcolor=#000000]
        RenderTable at (0,0) size 769x74
          RenderTableSection (anonymous) at (0,0) size 769x74
            RenderTableRow (anonymous) at (0,0) size 769x74
              RenderTableCell {DIV} at (0,0) size 769x74 [r=0 c=0 rs=1 cs=1]
                RenderText {#text} at (0,0) size 716x74
                  text run at (0,0) width 716: "This text should be white on black, bold, twice"
                  text run at (0,37) width 587: "the size of normal text, and sans serif."
      RenderBlock {H3} at (0,2136.25) size 769x22
        RenderText {#text} at (0,0) size 242x22
          text run at (0,0) width 242: "5.2 Styles set directly on CELL"
      RenderTable at (0,2176.97) size 769x74
        RenderTableSection (anonymous) at (0,0) size 769x74
          RenderTableRow (anonymous) at (0,0) size 769x74
            RenderTableCell {DIV} at (0,0) size 769x74 [color=#FFFFFF] [bgcolor=#000000] [r=0 c=0 rs=1 cs=1]
              RenderText {#text} at (0,0) size 716x74
                text run at (0,0) width 716: "This text should be white on black, bold, twice"
                text run at (0,37) width 587: "the size of normal text, and sans serif."
      RenderBlock {H2} at (0,2270.88) size 769x28
        RenderText {#text} at (0,0) size 154x28
          text run at (0,0) width 154: "Submit Results"
      RenderBlock {FORM} at (0,2318.78) size 769x45
        RenderBlock {P} at (0,0) size 769x45
          RenderText {#text} at (0,1) size 263x18
            text run at (0,1) width 263: "How does your browser fare on this test? "
          RenderMenuList {SELECT} at (265,2) size 473x18 [bgcolor=#F8F8F8]
            RenderBlock (anonymous) at (0,0) size 473x18
              RenderText at (8,2) size 442x13
                text run at (8,2) width 442: "The tests all render identically, and this browser may or may not grok CSS2 tables."
          RenderText {#text} at (0,0) size 0x0
          RenderInline {LABEL} at (0,0) size 197x18
            RenderText {#text} at (0,24) size 70x18
              text run at (0,24) width 70: "Comment: "
            RenderTextControl {INPUT} at (72,24) size 123x19 [bgcolor=#FFFFFF] [border: (2px inset #EEEEEE)]
          RenderText {#text} at (197,24) size 4x18
            text run at (197,24) width 4: " "
          RenderButton {INPUT} at (203,25) size 53.25x18 [bgcolor=#C0C0C0]
            RenderBlock (anonymous) at (8,2.50) size 37.25x13
              RenderText {#text} at (0,0) size 38x13
                text run at (0,0) width 38: "Submit"
          RenderText {#text} at (0,0) size 0x0
      RenderBlock {HR} at (0,2379.78) size 769x2 [border: (1px inset #EEEEEE)]
      RenderBlock {P} at (0,2397.78) size 769x18
        RenderText {#text} at (0,0) size 63x18
          text run at (0,0) width 63: "Up to the "
        RenderInline {A} at (0,0) size 73x18 [color=#0000EE]
          RenderText {#text} at (63,0) size 73x18
            text run at (63,0) width 73: "Table Tests"
        RenderText {#text} at (136,0) size 4x18
          text run at (136,0) width 4: "."
      RenderBlock {P} at (0,2431.78) size 769x18
        RenderText {#text} at (0,0) size 63x18
          text run at (0,0) width 63: "Up to the "
        RenderInline {A} at (0,0) size 98x18 [color=#0000EE]
          RenderText {#text} at (63,0) size 98x18
            text run at (63,0) width 98: "Evil Tests Page"
        RenderText {#text} at (161,0) size 4x18
          text run at (161,0) width 4: "."
      RenderBlock {P} at (0,2465.78) size 769x18
        RenderText {#text} at (0,0) size 61x18
          text run at (0,0) width 61: "Bugzilla: "
        RenderInline {A} at (0,0) size 63x18 [color=#0000EE]
          RenderText {#text} at (61,0) size 63x18
            text run at (61,0) width 63: "Bug 1044"
      RenderBlock {P} at (0,2499.78) size 769x18
        RenderText {#text} at (0,0) size 173x18
          text run at (0,0) width 173: "This page is maintained by "
        RenderInline {A} at (0,0) size 77x18 [color=#0000EE]
          RenderText {#text} at (173,0) size 77x18
            text run at (173,0) width 77: "Ian Hickson"
        RenderText {#text} at (250,0) size 9x18
          text run at (250,0) width 9: " ("
        RenderInline {A} at (0,0) size 123x18 [color=#0000EE]
          RenderText {#text} at (259,0) size 123x18
            text run at (259,0) width 123: "py8ieh@bath.ac.uk"
        RenderText {#text} at (382,0) size 9x18
          text run at (382,0) width 9: ")."
      RenderBlock {P} at (0,2533.78) size 769x18
        RenderText {#text} at (0,0) size 182x18
          text run at (0,0) width 182: "Last updated in March 1999."
layer at (83,2367) size 117x13
  RenderBlock {DIV} at (3,3) size 117x13
