layer at (0,0) size 800x600
  RenderView at (0,0) size 800x600
layer at (0,0) size 800x600
  RenderBlock {HTML} at (0,0) size 800x600
    RenderBody {BODY} at (8,8) size 784x584
      RenderBlock {H3} at (0,0) size 784x22
        RenderText {#text} at (0,0) size 157x22
          text run at (0,0) width 157: "Default Appearance"
      RenderBlock (anonymous) at (0,40.72) size 784x41
        RenderText {#text} at (0,0) size 284x18
          text run at (0,0) width 284: "List color controls have different appearance."
        RenderBR {BR} at (284,14) size 0x0
        RenderBlock {INPUT} at (0,18) size 44x23 [bgcolor=#FFFFFF] [border: none (2px inset #EEEEEE) none (2px inset #EEEEEE)]
          RenderFlexibleBox {DIV} at (3,1) size 38x21
            RenderBlock {DIV} at (2,4) size 34x13 [bgcolor=#000000] [border: (1px solid #777777)]
        RenderBlock {INPUT} at (44,22) size 88x18 [bgcolor=#F8F8F8]
          RenderFlexibleBox {DIV} at (0,0) size 88x18
            RenderBlock {DIV} at (8,4) size 56x10 [bgcolor=#000000] [border: (1px solid #000000)]
        RenderText {#text} at (0,0) size 0x0
      RenderBlock {H3} at (0,100.44) size 784x22
        RenderText {#text} at (0,0) size 155x22
          text run at (0,0) width 155: "Different Font Sizes"
      RenderBlock (anonymous) at (0,141.16) size 784x41
        RenderText {#text} at (0,0) size 577x18
          text run at (0,0) width 577: "List color controls have different sizes depending on font sizes. Normal color controls don't."
        RenderBR {BR} at (577,14) size 0x0
        RenderBlock {INPUT} at (0,18) size 44x23 [bgcolor=#FFFFFF] [border: none (2px inset #EEEEEE) none (2px inset #EEEEEE)]
          RenderFlexibleBox {DIV} at (3,1) size 38x21
            RenderBlock {DIV} at (2,4) size 34x13 [bgcolor=#00FF00] [border: (1px solid #777777)]
        RenderText {#text} at (44,21) size 4x18
          text run at (44,21) width 4: " "
        RenderBlock {INPUT} at (48,18) size 44x23 [bgcolor=#FFFFFF] [border: none (2px inset #EEEEEE) none (2px inset #EEEEEE)]
          RenderFlexibleBox {DIV} at (3,1) size 38x21
            RenderBlock {DIV} at (2,4) size 34x13 [bgcolor=#00FF00] [border: (1px solid #777777)]
        RenderText {#text} at (92,21) size 4x18
          text run at (92,21) width 4: " "
        RenderBlock {INPUT} at (96,18) size 44x23 [bgcolor=#FFFFFF] [border: none (2px inset #EEEEEE) none (2px inset #EEEEEE)]
          RenderFlexibleBox {DIV} at (3,1) size 38x21
            RenderBlock {DIV} at (2,4) size 34x13 [bgcolor=#00FF00] [border: (1px solid #777777)]
        RenderText {#text} at (140,21) size 4x18
          text run at (140,21) width 4: " "
        RenderBlock {INPUT} at (144,19) size 88x21 [bgcolor=#F8F8F8]
          RenderFlexibleBox {DIV} at (0,0) size 88x21
            RenderBlock {DIV} at (8,4) size 56x13 [bgcolor=#00FF00] [border: (1px solid #000000)]
        RenderText {#text} at (232,21) size 4x18
          text run at (232,21) width 4: " "
        RenderBlock {INPUT} at (236,22) size 88x18 [bgcolor=#F8F8F8]
          RenderFlexibleBox {DIV} at (0,0) size 88x18
            RenderBlock {DIV} at (8,4) size 56x10 [bgcolor=#00FF00] [border: (1px solid #000000)]
        RenderText {#text} at (324,21) size 4x18
          text run at (324,21) width 4: " "
        RenderBlock {INPUT} at (328,25) size 88x15 [bgcolor=#F8F8F8]
          RenderFlexibleBox {DIV} at (0,0) size 88x15
            RenderBlock {DIV} at (8,4) size 56x7 [bgcolor=#00FF00] [border: (1px solid #000000)]
        RenderText {#text} at (0,0) size 0x0
      RenderBlock {H3} at (0,200.88) size 784x22
        RenderText {#text} at (0,0) size 119x22
          text run at (0,0) width 119: "Various Colors"
      RenderBlock (anonymous) at (0,241.59) size 784x23
        RenderBlock {INPUT} at (0,0) size 44x23 [bgcolor=#FFFFFF] [border: none (2px inset #EEEEEE) none (2px inset #EEEEEE)]
          RenderFlexibleBox {DIV} at (3,1) size 38x21
            RenderBlock {DIV} at (2,4) size 34x13 [bgcolor=#FF0000] [border: (1px solid #777777)]
        RenderText {#text} at (44,3) size 4x18
          text run at (44,3) width 4: " "
        RenderBlock {INPUT} at (48,0) size 44x23 [bgcolor=#FFFFFF] [border: none (2px inset #EEEEEE) none (2px inset #EEEEEE)]
          RenderFlexibleBox {DIV} at (3,1) size 38x21
            RenderBlock {DIV} at (2,4) size 34x13 [bgcolor=#00FF00] [border: (1px solid #777777)]
        RenderText {#text} at (92,3) size 4x18
          text run at (92,3) width 4: " "
        RenderBlock {INPUT} at (96,0) size 44x23 [bgcolor=#FFFFFF] [border: none (2px inset #EEEEEE) none (2px inset #EEEEEE)]
          RenderFlexibleBox {DIV} at (3,1) size 38x21
            RenderBlock {DIV} at (2,4) size 34x13 [bgcolor=#0000FF] [border: (1px solid #777777)]
        RenderText {#text} at (140,3) size 4x18
          text run at (140,3) width 4: " "
        RenderBlock {INPUT} at (144,0) size 44x23 [bgcolor=#FFFFFF] [border: none (2px inset #EEEEEE) none (2px inset #EEEEEE)]
          RenderFlexibleBox {DIV} at (3,1) size 38x21
            RenderBlock {DIV} at (2,4) size 34x13 [bgcolor=#EC008C] [border: (1px solid #777777)]
        RenderText {#text} at (188,3) size 4x18
          text run at (188,3) width 4: " "
        RenderBlock {INPUT} at (192,0) size 44x23 [bgcolor=#FFFFFF] [border: none (2px inset #EEEEEE) none (2px inset #EEEEEE)]
          RenderFlexibleBox {DIV} at (3,1) size 38x21
            RenderBlock {DIV} at (2,4) size 34x13 [bgcolor=#40E0D0] [border: (1px solid #777777)]
        RenderText {#text} at (236,3) size 4x18
          text run at (236,3) width 4: " "
        RenderBlock {INPUT} at (240,4) size 88x18 [bgcolor=#F8F8F8]
          RenderFlexibleBox {DIV} at (0,0) size 88x18
            RenderBlock {DIV} at (8,4) size 56x10 [bgcolor=#FF0000] [border: (1px solid #000000)]
        RenderText {#text} at (328,3) size 4x18
          text run at (328,3) width 4: " "
        RenderBlock {INPUT} at (332,4) size 88x18 [bgcolor=#F8F8F8]
          RenderFlexibleBox {DIV} at (0,0) size 88x18
            RenderBlock {DIV} at (8,4) size 56x10 [bgcolor=#00FF00] [border: (1px solid #000000)]
        RenderText {#text} at (420,3) size 4x18
          text run at (420,3) width 4: " "
        RenderBlock {INPUT} at (424,4) size 88x18 [bgcolor=#F8F8F8]
          RenderFlexibleBox {DIV} at (0,0) size 88x18
            RenderBlock {DIV} at (8,4) size 56x10 [bgcolor=#0000FF] [border: (1px solid #000000)]
        RenderText {#text} at (512,3) size 4x18
          text run at (512,3) width 4: " "
        RenderBlock {INPUT} at (516,4) size 88x18 [bgcolor=#F8F8F8]
          RenderFlexibleBox {DIV} at (0,0) size 88x18
            RenderBlock {DIV} at (8,4) size 56x10 [bgcolor=#EC008C] [border: (1px solid #000000)]
        RenderText {#text} at (604,3) size 4x18
          text run at (604,3) width 4: " "
        RenderBlock {INPUT} at (608,4) size 88x18 [bgcolor=#F8F8F8]
          RenderFlexibleBox {DIV} at (0,0) size 88x18
            RenderBlock {DIV} at (8,4) size 56x10 [bgcolor=#40E0D0] [border: (1px solid #000000)]
        RenderText {#text} at (0,0) size 0x0
      RenderBlock {H3} at (0,283.31) size 784x22
        RenderText {#text} at (0,0) size 113x22
          text run at (0,0) width 113: "Arbitrary Size"
      RenderBlock (anonymous) at (0,324.03) size 784x46
        RenderBlock {INPUT} at (0,10) size 100x30 [bgcolor=#FFFFFF] [border: none (2px inset #EEEEEE) none (2px inset #EEEEEE)]
          RenderFlexibleBox {DIV} at (3,1) size 94x28
            RenderBlock {DIV} at (2,4) size 90x20 [bgcolor=#FF0000] [border: (1px solid #777777)]
        RenderText {#text} at (100,20) size 4x18
          text run at (100,20) width 4: " "
        RenderBlock {INPUT} at (104,0) size 88x46 [bgcolor=#FFFFFF] [border: none (4px inset #EEEEEE) none (4px inset #EEEEEE)]
          RenderFlexibleBox {DIV} at (6,2) size 76x42
            RenderBlock {DIV} at (4,8) size 68x26 [bgcolor=#FF0000] [border: (2px solid #777777)]
        RenderText {#text} at (192,20) size 4x18
          text run at (192,20) width 4: " "
        RenderBlock {INPUT} at (196,0) size 176x46 [bgcolor=#F8F8F8] [border: (2px solid #A6A6A6)]
          RenderFlexibleBox {DIV} at (2,2) size 172x42
            RenderBlock {DIV} at (16,8) size 108x26 [bgcolor=#FF0000] [border: (2px solid #000000)]
        RenderText {#text} at (0,0) size 0x0
      RenderBlock {H3} at (0,388.75) size 784x22
        RenderText {#text} at (0,0) size 94x22
          text run at (0,0) width 94: "Other styles"
      RenderBlock (anonymous) at (0,429.47) size 784x25
        RenderBlock {INPUT} at (0,2) size 44x23 [bgcolor=#FFFF00] [border: (2px inset #EEEEEE)]
          RenderFlexibleBox {DIV} at (3,3) size 38x17
            RenderBlock {DIV} at (2,4) size 34x9 [bgcolor=#FF0000] [border: (1px solid #777777)]
        RenderText {#text} at (44,3) size 4x18
          text run at (44,3) width 4: " "
        RenderBlock {INPUT} at (48,0) size 88x23 [bgcolor=#FFFF00] [border: (1px solid #A6A6A6)]
          RenderFlexibleBox {DIV} at (1,1) size 86x21
            RenderBlock {DIV} at (8,4) size 54x13 [bgcolor=#FF0000] [border: (1px solid #000000)]
        RenderText {#text} at (136,3) size 4x18
          text run at (136,3) width 4: " "
        RenderBlock {INPUT} at (140,1) size 44x23 [bgcolor=#FFFFFF] [border: (1px solid #00FF00)]
          RenderFlexibleBox {DIV} at (2,2) size 40x19
            RenderBlock {DIV} at (2,4) size 36x11 [bgcolor=#FF0000] [border: (1px solid #777777)]
        RenderText {#text} at (184,3) size 4x18
          text run at (184,3) width 4: " "
        RenderBlock {INPUT} at (188,0) size 88x23 [bgcolor=#F8F8F8] [border: (1px solid #00FF00)]
          RenderFlexibleBox {DIV} at (1,1) size 86x21
            RenderBlock {DIV} at (8,4) size 54x13 [bgcolor=#FF0000] [border: (1px solid #000000)]
        RenderText {#text} at (0,0) size 0x0
