layer at (0,0) size 800x600
  RenderView at (0,0) size 800x600
layer at (0,0) size 800x600
  RenderBlock {HTML} at (0,0) size 800x600
    RenderBody {BODY} at (8,8) size 784x584
      RenderBlock {DIV} at (0,0) size 784x20
        RenderText {#text} at (0,-10) size 66x19
          text run at (0,-10) width 66: "The House"
selection start: position 3 of child 0 {#text} of child 0 {DIV} of body
selection end:   position 12 of child 0 {#text} of child 0 {DIV} of body
