layer at (0,0) size 800x600
  RenderView at (0,0) size 800x600
layer at (0,0) size 800x140
  RenderBlock {HTML} at (0,0) size 800x140
    RenderBody {BODY} at (0,0) size 800x139
      RenderBlock {DIV} at (0,0) size 600x36
        RenderText {#text} at (0,0) size 296x15
          text run at (0,0) width 296: "Table autosizing tests - css-table-lots-of-text-many-cells.html"
        RenderBR {BR} at (296,0) size 0x15
        RenderText {#text} at (0,16) size 253x15
          text run at (0,16) width 253: "This test passes if none of the 18 cells are autosized."
      RenderTable {DIV} at (1,37) size 798x102
        RenderTableSection (anonymous) at (0,0) size 798x102
          RenderTableRow {DIV} at (0,0) size 798x34
            RenderTableCell {DIV} at (0,0) size 133x18 [bgcolor=#F0FFF0] [border: (1px dotted #006400)] [r=0 c=0 rs=1 cs=1]
              RenderText {#text} at (1,1) size 23x15
                text run at (1,1) width 23: "hello"
            RenderTableCell {DIV} at (133,0) size 133x34 [bgcolor=#F0FFF0] [border: (1px dotted #006400)] [r=0 c=1 rs=1 cs=1]
              RenderText {#text} at (1,1) size 127x31
                text run at (1,1) width 127: "hello hello hello hello hello"
                text run at (1,17) width 49: "hello hello"
            RenderTableCell {DIV} at (266,0) size 133x34 [bgcolor=#F0FFF0] [border: (1px dotted #006400)] [r=0 c=2 rs=1 cs=1]
              RenderText {#text} at (1,1) size 127x31
                text run at (1,1) width 127: "hello hello hello hello hello"
                text run at (1,17) width 49: "hello hello"
            RenderTableCell {DIV} at (399,0) size 133x34 [bgcolor=#F0FFF0] [border: (1px dotted #006400)] [r=0 c=3 rs=1 cs=1]
              RenderText {#text} at (1,1) size 127x31
                text run at (1,1) width 127: "hello hello hello hello hello"
                text run at (1,17) width 49: "hello hello"
            RenderTableCell {DIV} at (532,0) size 133x34 [bgcolor=#F0FFF0] [border: (1px dotted #006400)] [r=0 c=4 rs=1 cs=1]
              RenderText {#text} at (1,1) size 127x31
                text run at (1,1) width 127: "hello hello hello hello hello"
                text run at (1,17) width 49: "hello hello"
            RenderTableCell {DIV} at (665,0) size 133x34 [bgcolor=#F0FFF0] [border: (1px dotted #006400)] [r=0 c=5 rs=1 cs=1]
              RenderText {#text} at (1,1) size 127x31
                text run at (1,1) width 127: "hello hello hello hello hello"
                text run at (1,17) width 49: "hello hello"
          RenderTableRow {DIV} at (0,34) size 798x34
            RenderTableCell {DIV} at (0,34) size 133x34 [bgcolor=#F0FFF0] [border: (1px dotted #006400)] [r=1 c=0 rs=1 cs=1]
              RenderText {#text} at (1,1) size 127x31
                text run at (1,1) width 127: "hello hello hello hello hello"
                text run at (1,17) width 49: "hello hello"
            RenderTableCell {DIV} at (133,34) size 133x34 [bgcolor=#F0FFF0] [border: (1px dotted #006400)] [r=1 c=1 rs=1 cs=1]
              RenderText {#text} at (1,1) size 127x31
                text run at (1,1) width 127: "hello hello hello hello hello"
                text run at (1,17) width 49: "hello hello"
            RenderTableCell {DIV} at (266,34) size 133x34 [bgcolor=#F0FFF0] [border: (1px dotted #006400)] [r=1 c=2 rs=1 cs=1]
              RenderText {#text} at (1,1) size 127x31
                text run at (1,1) width 127: "hello hello hello hello hello"
                text run at (1,17) width 49: "hello hello"
            RenderTableCell {DIV} at (399,34) size 133x34 [bgcolor=#F0FFF0] [border: (1px dotted #006400)] [r=1 c=3 rs=1 cs=1]
              RenderText {#text} at (1,1) size 127x31
                text run at (1,1) width 127: "hello hello hello hello hello"
                text run at (1,17) width 49: "hello hello"
            RenderTableCell {DIV} at (532,34) size 133x34 [bgcolor=#F0FFF0] [border: (1px dotted #006400)] [r=1 c=4 rs=1 cs=1]
              RenderText {#text} at (1,1) size 127x31
                text run at (1,1) width 127: "hello hello hello hello hello"
                text run at (1,17) width 49: "hello hello"
            RenderTableCell {DIV} at (665,34) size 133x34 [bgcolor=#F0FFF0] [border: (1px dotted #006400)] [r=1 c=5 rs=1 cs=1]
              RenderText {#text} at (1,1) size 127x31
                text run at (1,1) width 127: "hello hello hello hello hello"
                text run at (1,17) width 49: "hello hello"
          RenderTableRow {DIV} at (0,68) size 798x34
            RenderTableCell {DIV} at (0,68) size 133x34 [bgcolor=#F0FFF0] [border: (1px dotted #006400)] [r=2 c=0 rs=1 cs=1]
              RenderText {#text} at (1,1) size 127x31
                text run at (1,1) width 127: "hello hello hello hello hello"
                text run at (1,17) width 49: "hello hello"
            RenderTableCell {DIV} at (133,68) size 133x34 [bgcolor=#F0FFF0] [border: (1px dotted #006400)] [r=2 c=1 rs=1 cs=1]
              RenderText {#text} at (1,1) size 127x31
                text run at (1,1) width 127: "hello hello hello hello hello"
                text run at (1,17) width 49: "hello hello"
            RenderTableCell {DIV} at (266,68) size 133x34 [bgcolor=#F0FFF0] [border: (1px dotted #006400)] [r=2 c=2 rs=1 cs=1]
              RenderText {#text} at (1,1) size 127x31
                text run at (1,1) width 127: "hello hello hello hello hello"
                text run at (1,17) width 49: "hello hello"
            RenderTableCell {DIV} at (399,68) size 133x34 [bgcolor=#F0FFF0] [border: (1px dotted #006400)] [r=2 c=3 rs=1 cs=1]
              RenderText {#text} at (1,1) size 127x31
                text run at (1,1) width 127: "hello hello hello hello hello"
                text run at (1,17) width 49: "hello hello"
            RenderTableCell {DIV} at (532,68) size 133x34 [bgcolor=#F0FFF0] [border: (1px dotted #006400)] [r=2 c=4 rs=1 cs=1]
              RenderText {#text} at (1,1) size 127x31
                text run at (1,1) width 127: "hello hello hello hello hello"
                text run at (1,17) width 49: "hello hello"
            RenderTableCell {DIV} at (665,68) size 133x34 [bgcolor=#F0FFF0] [border: (1px dotted #006400)] [r=2 c=5 rs=1 cs=1]
              RenderText {#text} at (1,1) size 127x31
                text run at (1,1) width 127: "hello hello hello hello hello"
                text run at (1,17) width 49: "hello hello"
