layer at (0,0) size 800x600
  RenderView at (0,0) size 800x600
layer at (0,0) size 800x154
  RenderBlock {HTML} at (0,0) size 800x154
    RenderBody {BODY} at (0,0) size 800x153
      RenderBlock {DIV} at (0,0) size 600x36
        RenderText {#text} at (0,0) size 291x15
          text run at (0,0) width 291: "Table autosizing tests - css-table-single-cell-lots-of-text.html"
        RenderBR {BR} at (291,0) size 0x15
        RenderText {#text} at (0,16) size 568x15
          text run at (0,16) width 568: "This test passes if there is a one cell with lots of text that's autosized, and five single-word cells that are not autosized."
      RenderTable {DIV} at (1,37) size 798x116
        RenderTableSection (anonymous) at (0,0) size 798x116
          RenderTableRow {DIV} at (0,0) size 798x18
            RenderTableCell {DIV} at (0,0) size 25x18 [bgcolor=#F0FFF0] [border: (1px dotted #006400)] [r=0 c=0 rs=1 cs=1]
              RenderText {#text} at (1,1) size 23x15
                text run at (1,1) width 23: "hello"
            RenderTableCell {DIV} at (25,0) size 748x18 [bgcolor=#F0FFF0] [border: (1px dotted #006400)] [r=0 c=1 rs=1 cs=1]
              RenderText {#text} at (1,1) size 23x15
                text run at (1,1) width 23: "hello"
            RenderTableCell {DIV} at (773,0) size 25x18 [bgcolor=#F0FFF0] [border: (1px dotted #006400)] [r=0 c=2 rs=1 cs=1]
              RenderText {#text} at (1,1) size 23x15
                text run at (1,1) width 23: "hello"
          RenderTableRow {DIV} at (0,18) size 798x98
            RenderTableCell {DIV} at (0,18) size 25x18 [bgcolor=#F0FFF0] [border: (1px dotted #006400)] [r=1 c=0 rs=1 cs=1]
              RenderText {#text} at (1,1) size 23x15
                text run at (1,1) width 23: "hello"
            RenderTableCell {DIV} at (25,18) size 748x98 [bgcolor=#F0FFF0] [border: (1px dotted #006400)] [r=1 c=1 rs=1 cs=1]
              RenderText {#text} at (1,1) size 725x95
                text run at (1,1) width 725: "hello hello hello hello hello hello hello hello hello hello hello hello hello hello hello hello hello hello hello hello hello hello hello hello hello hello hello hello"
                text run at (1,17) width 725: "hello hello hello hello hello hello hello hello hello hello hello hello hello hello hello hello hello hello hello hello hello hello hello hello hello hello hello hello"
                text run at (1,33) width 725: "hello hello hello hello hello hello hello hello hello hello hello hello hello hello hello hello hello hello hello hello hello hello hello hello hello hello hello hello"
                text run at (1,49) width 725: "hello hello hello hello hello hello hello hello hello hello hello hello hello hello hello hello hello hello hello hello hello hello hello hello hello hello hello hello"
                text run at (1,65) width 725: "hello hello hello hello hello hello hello hello hello hello hello hello hello hello hello hello hello hello hello hello hello hello hello hello hello hello hello hello"
                text run at (1,81) width 309: "hello hello hello hello hello hello hello hello hello hello hello hello"
            RenderTableCell {DIV} at (773,18) size 25x18 [bgcolor=#F0FFF0] [border: (1px dotted #006400)] [r=1 c=2 rs=1 cs=1]
              RenderText {#text} at (1,1) size 23x15
                text run at (1,1) width 23: "hello"
