layer at (0,0) size 800x600
  RenderView at (0,0) size 800x600
layer at (0,0) size 800x144
  RenderBlock {HTML} at (0,0) size 800x144
    RenderBody {BODY} at (0,0) size 800x143
      RenderBlock {DIV} at (0,0) size 600x36
        RenderText {#text} at (0,0) size 304x15
          text run at (0,0) width 304: "Table autosizing tests - fixed-table-lots-of-text-many-cells.html"
        RenderBR {BR} at (304,0) size 0x15
        RenderText {#text} at (0,16) size 253x15
          text run at (0,16) width 253: "This test passes if none of the 18 cells are autosized."
      RenderTable {TABLE} at (1,37) size 798x106 [border: none]
        RenderTableSection {TBODY} at (0,0) size 797x105
          RenderTableRow {TR} at (0,0) size 797x35
            RenderTableCell {TD} at (0,8) size 132x19 [bgcolor=#F0FFF0] [border: (1px dotted #006400)] [r=0 c=0 rs=1 cs=1]
              RenderText {#text} at (2,2) size 23x15
                text run at (2,2) width 23: "hello"
            RenderTableCell {TD} at (132,0) size 133x35 [bgcolor=#F0FFF0] [border: (1px dotted #006400)] [r=0 c=1 rs=1 cs=1]
              RenderText {#text} at (2,2) size 127x31
                text run at (2,2) width 127: "hello hello hello hello hello"
                text run at (2,18) width 49: "hello hello"
            RenderTableCell {TD} at (265,0) size 133x35 [bgcolor=#F0FFF0] [border: (1px dotted #006400)] [r=0 c=2 rs=1 cs=1]
              RenderText {#text} at (2,2) size 127x31
                text run at (2,2) width 127: "hello hello hello hello hello"
                text run at (2,18) width 49: "hello hello"
            RenderTableCell {TD} at (398,0) size 133x35 [bgcolor=#F0FFF0] [border: (1px dotted #006400)] [r=0 c=3 rs=1 cs=1]
              RenderText {#text} at (2,2) size 127x31
                text run at (2,2) width 127: "hello hello hello hello hello"
                text run at (2,18) width 49: "hello hello"
            RenderTableCell {TD} at (531,0) size 133x35 [bgcolor=#F0FFF0] [border: (1px dotted #006400)] [r=0 c=4 rs=1 cs=1]
              RenderText {#text} at (2,2) size 127x31
                text run at (2,2) width 127: "hello hello hello hello hello"
                text run at (2,18) width 49: "hello hello"
            RenderTableCell {TD} at (664,0) size 133x35 [bgcolor=#F0FFF0] [border: (1px dotted #006400)] [r=0 c=5 rs=1 cs=1]
              RenderText {#text} at (2,2) size 127x31
                text run at (2,2) width 127: "hello hello hello hello hello"
                text run at (2,18) width 49: "hello hello"
          RenderTableRow {TR} at (0,35) size 797x35
            RenderTableCell {TD} at (0,35) size 132x35 [bgcolor=#F0FFF0] [border: (1px dotted #006400)] [r=1 c=0 rs=1 cs=1]
              RenderText {#text} at (2,2) size 127x31
                text run at (2,2) width 127: "hello hello hello hello hello"
                text run at (2,18) width 49: "hello hello"
            RenderTableCell {TD} at (132,35) size 133x35 [bgcolor=#F0FFF0] [border: (1px dotted #006400)] [r=1 c=1 rs=1 cs=1]
              RenderText {#text} at (2,2) size 127x31
                text run at (2,2) width 127: "hello hello hello hello hello"
                text run at (2,18) width 49: "hello hello"
            RenderTableCell {TD} at (265,35) size 133x35 [bgcolor=#F0FFF0] [border: (1px dotted #006400)] [r=1 c=2 rs=1 cs=1]
              RenderText {#text} at (2,2) size 127x31
                text run at (2,2) width 127: "hello hello hello hello hello"
                text run at (2,18) width 49: "hello hello"
            RenderTableCell {TD} at (398,35) size 133x35 [bgcolor=#F0FFF0] [border: (1px dotted #006400)] [r=1 c=3 rs=1 cs=1]
              RenderText {#text} at (2,2) size 127x31
                text run at (2,2) width 127: "hello hello hello hello hello"
                text run at (2,18) width 49: "hello hello"
            RenderTableCell {TD} at (531,35) size 133x35 [bgcolor=#F0FFF0] [border: (1px dotted #006400)] [r=1 c=4 rs=1 cs=1]
              RenderText {#text} at (2,2) size 127x31
                text run at (2,2) width 127: "hello hello hello hello hello"
                text run at (2,18) width 49: "hello hello"
            RenderTableCell {TD} at (664,35) size 133x35 [bgcolor=#F0FFF0] [border: (1px dotted #006400)] [r=1 c=5 rs=1 cs=1]
              RenderText {#text} at (2,2) size 127x31
                text run at (2,2) width 127: "hello hello hello hello hello"
                text run at (2,18) width 49: "hello hello"
          RenderTableRow {TR} at (0,70) size 797x35
            RenderTableCell {TD} at (0,70) size 132x35 [bgcolor=#F0FFF0] [border: (1px dotted #006400)] [r=2 c=0 rs=1 cs=1]
              RenderText {#text} at (2,2) size 127x31
                text run at (2,2) width 127: "hello hello hello hello hello"
                text run at (2,18) width 49: "hello hello"
            RenderTableCell {TD} at (132,70) size 133x35 [bgcolor=#F0FFF0] [border: (1px dotted #006400)] [r=2 c=1 rs=1 cs=1]
              RenderText {#text} at (2,2) size 127x31
                text run at (2,2) width 127: "hello hello hello hello hello"
                text run at (2,18) width 49: "hello hello"
            RenderTableCell {TD} at (265,70) size 133x35 [bgcolor=#F0FFF0] [border: (1px dotted #006400)] [r=2 c=2 rs=1 cs=1]
              RenderText {#text} at (2,2) size 127x31
                text run at (2,2) width 127: "hello hello hello hello hello"
                text run at (2,18) width 49: "hello hello"
            RenderTableCell {TD} at (398,70) size 133x35 [bgcolor=#F0FFF0] [border: (1px dotted #006400)] [r=2 c=3 rs=1 cs=1]
              RenderText {#text} at (2,2) size 127x31
                text run at (2,2) width 127: "hello hello hello hello hello"
                text run at (2,18) width 49: "hello hello"
            RenderTableCell {TD} at (531,70) size 133x35 [bgcolor=#F0FFF0] [border: (1px dotted #006400)] [r=2 c=4 rs=1 cs=1]
              RenderText {#text} at (2,2) size 127x31
                text run at (2,2) width 127: "hello hello hello hello hello"
                text run at (2,18) width 49: "hello hello"
            RenderTableCell {TD} at (664,70) size 133x35 [bgcolor=#F0FFF0] [border: (1px dotted #006400)] [r=2 c=5 rs=1 cs=1]
              RenderText {#text} at (2,2) size 127x31
                text run at (2,2) width 127: "hello hello hello hello hello"
                text run at (2,18) width 49: "hello hello"
