layer at (0,0) size 800x600
  RenderView at (0,0) size 800x600
layer at (0,0) size 800x333
  RenderBlock {HTML} at (0,0) size 800x333
    RenderBody {BODY} at (0,0) size 800x332
      RenderBlock {DIV} at (0,0) size 600x36
        RenderText {#text} at (0,0) size 317x15
          text run at (0,0) width 317: "Table autosizing tests - single-percent-width-cell-lots-of-text.html"
        RenderBR {BR} at (317,0) size 0x15
        RenderText {#text} at (0,16) size 509x15
          text run at (0,16) width 509: "This test passes if there is a one cell with lots of text that's autosized, and five cells that are not autosized."
      RenderTable {TABLE} at (1,37) size 798x295 [border: none]
        RenderTableSection {TBODY} at (0,0) size 797x294
          RenderTableRow {TR} at (0,0) size 797x19
            RenderTableCell {TD} at (0,0) size 279x19 [bgcolor=#F0FFF0] [border: (1px dotted #006400)] [r=0 c=0 rs=1 cs=1]
              RenderText {#text} at (2,2) size 23x15
                text run at (2,2) width 23: "hello"
            RenderTableCell {TD} at (279,0) size 239x19 [bgcolor=#F0FFF0] [border: (1px dotted #006400)] [r=0 c=1 rs=1 cs=1]
              RenderText {#text} at (2,2) size 23x15
                text run at (2,2) width 23: "hello"
            RenderTableCell {TD} at (518,0) size 279x19 [bgcolor=#F0FFF0] [border: (1px dotted #006400)] [r=0 c=2 rs=1 cs=1]
              RenderText {#text} at (2,2) size 23x15
                text run at (2,2) width 23: "hello"
          RenderTableRow {TR} at (0,19) size 797x275
            RenderTableCell {TD} at (0,147) size 279x19 [bgcolor=#F0FFF0] [border: (1px dotted #006400)] [r=1 c=0 rs=1 cs=1]
              RenderText {#text} at (2,2) size 23x15
                text run at (2,2) width 23: "hello"
            RenderTableCell {TD} at (279,19) size 239x275 [bgcolor=#F0FFF0] [border: (1px dotted #006400)] [r=1 c=1 rs=1 cs=1]
              RenderText {#text} at (2,2) size 231x271
                text run at (2,2) width 231: "hello hello hello hello hello hello hello hello hello"
                text run at (2,18) width 231: "hello hello hello hello hello hello hello hello hello"
                text run at (2,34) width 231: "hello hello hello hello hello hello hello hello hello"
                text run at (2,50) width 231: "hello hello hello hello hello hello hello hello hello"
                text run at (2,66) width 231: "hello hello hello hello hello hello hello hello hello"
                text run at (2,82) width 231: "hello hello hello hello hello hello hello hello hello"
                text run at (2,98) width 231: "hello hello hello hello hello hello hello hello hello"
                text run at (2,114) width 231: "hello hello hello hello hello hello hello hello hello"
                text run at (2,130) width 231: "hello hello hello hello hello hello hello hello hello"
                text run at (2,146) width 231: "hello hello hello hello hello hello hello hello hello"
                text run at (2,162) width 231: "hello hello hello hello hello hello hello hello hello"
                text run at (2,178) width 231: "hello hello hello hello hello hello hello hello hello"
                text run at (2,194) width 231: "hello hello hello hello hello hello hello hello hello"
                text run at (2,210) width 231: "hello hello hello hello hello hello hello hello hello"
                text run at (2,226) width 231: "hello hello hello hello hello hello hello hello hello"
                text run at (2,242) width 231: "hello hello hello hello hello hello hello hello hello"
                text run at (2,258) width 205: "hello hello hello hello hello hello hello hello"
            RenderTableCell {TD} at (518,147) size 279x19 [bgcolor=#F0FFF0] [border: (1px dotted #006400)] [r=1 c=2 rs=1 cs=1]
              RenderText {#text} at (2,2) size 23x15
                text run at (2,2) width 23: "hello"
