layer at (0,0) size 800x600
  RenderView at (0,0) size 800x600
layer at (0,0) size 800x189
  RenderBlock {HTML} at (0,0) size 800x189
    RenderBody {BODY} at (0,0) size 800x188
      RenderBlock {DIV} at (0,0) size 600x36
        RenderText {#text} at (0,0) size 216x15
          text run at (0,0) width 216: "Table autosizing tests - table-for-layout.html"
        RenderBR {BR} at (216,0) size 0x15
        RenderText {#text} at (0,16) size 256x15
          text run at (0,16) width 256: "This test passes if the main content area is autosized."
      RenderTable {TABLE} at (1,37) size 798x151 [border: none]
        RenderTableSection {TBODY} at (0,0) size 797x150
          RenderTableRow {TR} at (0,0) size 797x19
            RenderTableCell {TD} at (0,0) size 797x19 [bgcolor=#F0FFF0] [border: (1px dotted #006400)] [r=0 c=0 rs=1 cs=2]
              RenderText {#text} at (2,2) size 23x15
                text run at (2,2) width 23: "Title"
          RenderTableRow {TR} at (0,19) size 797x131
            RenderTableCell {TD} at (0,19) size 52x131 [bgcolor=#F0FFF0] [border: (1px dotted #006400)] [r=1 c=0 rs=1 cs=1]
              RenderText {#text} at (2,2) size 23x15
                text run at (2,2) width 23: "hello"
              RenderBR {BR} at (25,2) size 0x15
              RenderText {#text} at (2,18) size 49x15
                text run at (2,18) width 49: "navigation"
              RenderBR {BR} at (51,18) size 0x15
              RenderText {#text} at (2,34) size 49x15
                text run at (2,34) width 49: "navigation"
              RenderBR {BR} at (51,34) size 0x15
              RenderText {#text} at (2,50) size 49x15
                text run at (2,50) width 49: "navigation"
              RenderBR {BR} at (51,50) size 0x15
              RenderText {#text} at (2,66) size 49x15
                text run at (2,66) width 49: "navigation"
              RenderBR {BR} at (51,66) size 0x15
              RenderText {#text} at (2,82) size 49x15
                text run at (2,82) width 49: "navigation"
              RenderBR {BR} at (51,82) size 0x15
              RenderText {#text} at (2,98) size 49x15
                text run at (2,98) width 49: "navigation"
              RenderBR {BR} at (51,98) size 0x15
              RenderText {#text} at (2,114) size 49x15
                text run at (2,114) width 49: "navigation"
              RenderBR {BR} at (51,114) size 0x15
            RenderTableCell {TD} at (52,51) size 745x67 [bgcolor=#F0FFF0] [border: (1px dotted #006400)] [r=1 c=1 rs=1 cs=1]
              RenderText {#text} at (2,2) size 725x63
                text run at (2,2) width 725: "hello hello hello hello hello hello hello hello hello hello hello hello hello hello hello hello hello hello hello hello hello hello hello hello hello hello hello hello"
                text run at (2,18) width 725: "hello hello hello hello hello hello hello hello hello hello hello hello hello hello hello hello hello hello hello hello hello hello hello hello hello hello hello hello"
                text run at (2,34) width 725: "hello hello hello hello hello hello hello hello hello hello hello hello hello hello hello hello hello hello hello hello hello hello hello hello hello hello hello hello"
                text run at (2,50) width 517: "hello hello hello hello hello hello hello hello hello hello hello hello hello hello hello hello hello hello hello hello"
