layer at (0,0) size 800x600
  RenderView at (0,0) size 800x600
layer at (0,0) size 800x170
  RenderBlock {HTML} at (0,0) size 800x170
    RenderBody {BODY} at (0,0) size 500x169
      RenderBlock {DIV} at (0,0) size 600x36
        RenderText {#text} at (0,0) size 227x15
          text run at (0,0) width 227: "Table autosizing tests - table-cell-inflation.html"
        RenderBR {BR} at (227,0) size 0x15
        RenderText {#text} at (0,16) size 361x15
          text run at (0,16) width 361: "This test passes if there are no numbers overflowing outside this green box."
      RenderTable {TABLE} at (1,37) size 498x132 [border: none]
        RenderTableSection {TBODY} at (0,0) size 497x131
          RenderTableRow {TR} at (0,0) size 497x131
            RenderTableCell {TD} at (0,0) size 497x131 [bgcolor=#F0FFF0] [border: (1px dotted #006400)] [r=0 c=0 rs=1 cs=1]
              RenderText {#text} at (2,2) size 284x15
                text run at (2,2) width 284: "The pi approximation below should not overrun this block."
              RenderBR {BR} at (286,2) size 0x15
              RenderText {#text} at (2,18) size 459x15
                text run at (2,18) width 459: "3.141592653589793238462643383279502884197169399375105820974944592307816406286"
              RenderBR {BR} at (461,18) size 0x15
              RenderText {#text} at (2,34) size 491x95
                text run at (2,34) width 491: "hello hello hello hello hello hello hello hello hello hello hello hello hello hello hello hello hello hello hello"
                text run at (2,50) width 491: "hello hello hello hello hello hello hello hello hello hello hello hello hello hello hello hello hello hello hello"
                text run at (2,66) width 491: "hello hello hello hello hello hello hello hello hello hello hello hello hello hello hello hello hello hello hello"
                text run at (2,82) width 491: "hello hello hello hello hello hello hello hello hello hello hello hello hello hello hello hello hello hello hello"
                text run at (2,98) width 491: "hello hello hello hello hello hello hello hello hello hello hello hello hello hello hello hello hello hello hello"
                text run at (2,114) width 335: "hello hello hello hello hello hello hello hello hello hello hello hello hello"
