layer at (0,0) size 800x600
  RenderView at (0,0) size 800x600
layer at (0,0) size 800x143
  RenderBlock {HTML} at (0,0) size 800x143
    RenderBody {BODY} at (0,0) size 800x142
      RenderBlock {DIV} at (0,0) size 600x36
        RenderText {#text} at (0,0) size 254x14
          text run at (0,0) width 254: "Table autosizing tests - narrow-percentage-width.html"
        RenderBR {BR} at (254,0) size 0x14
        RenderText {#text} at (0,14) size 240x14
          text run at (0,14) width 240: "This test passes if none of the 6 cells are autosized."
      RenderTable {TABLE} at (1,37) size 200x105 [border: none]
        RenderTableSection {TBODY} at (0,0) size 199x104
          RenderTableRow {TR} at (0,0) size 199x17
            RenderTableCell {TD} at (0,0) size 26x17 [bgcolor=#F0FFF0] [border: (1px dotted #006400)] [r=0 c=0 rs=1 cs=1]
              RenderText {#text} at (2,2) size 23x14
                text run at (2,2) width 23: "hello"
            RenderTableCell {TD} at (26,0) size 147x17 [bgcolor=#F0FFF0] [border: (1px dotted #006400)] [r=0 c=1 rs=1 cs=1]
              RenderText {#text} at (2,2) size 23x14
                text run at (2,2) width 23: "hello"
            RenderTableCell {TD} at (173,0) size 26x17 [bgcolor=#F0FFF0] [border: (1px dotted #006400)] [r=0 c=2 rs=1 cs=1]
              RenderText {#text} at (2,2) size 23x14
                text run at (2,2) width 23: "hello"
          RenderTableRow {TR} at (0,17) size 199x87
            RenderTableCell {TD} at (0,52) size 26x17 [bgcolor=#F0FFF0] [border: (1px dotted #006400)] [r=1 c=0 rs=1 cs=1]
              RenderText {#text} at (2,2) size 23x14
                text run at (2,2) width 23: "hello"
            RenderTableCell {TD} at (26,17) size 147x87 [bgcolor=#F0FFF0] [border: (1px dotted #006400)] [r=1 c=1 rs=1 cs=1]
              RenderText {#text} at (2,2) size 127x84
                text run at (2,2) width 127: "hello hello hello hello hello"
                text run at (2,16) width 127: "hello hello hello hello hello"
                text run at (2,30) width 127: "hello hello hello hello hello"
                text run at (2,44) width 127: "hello hello hello hello hello"
                text run at (2,58) width 127: "hello hello hello hello hello"
                text run at (2,72) width 23: "hello"
            RenderTableCell {TD} at (173,52) size 26x17 [bgcolor=#F0FFF0] [border: (1px dotted #006400)] [r=1 c=2 rs=1 cs=1]
              RenderText {#text} at (2,2) size 23x14
                text run at (2,2) width 23: "hello"
