layer at (0,0) size 800x600
  RenderView at (0,0) size 800x600
layer at (0,0) size 800x143
  RenderBlock {HTML} at (0,0) size 800x143
    RenderBody {BODY} at (0,0) size 800x142
      RenderBlock {DIV} at (0,0) size 600x36
        RenderText {#text} at (0,0) size 239x14
          text run at (0,0) width 239: "Table autosizing tests - single-cell-lots-of-text.html"
        RenderBR {BR} at (239,0) size 0x14
        RenderText {#text} at (0,14) size 552x14
          text run at (0,14) width 552: "This test passes if there is a one cell with lots of text that's autosized, and five single-word cells that are not autosized."
      RenderTable {TABLE} at (1,37) size 798x105 [border: none]
        RenderTableSection {TBODY} at (0,0) size 797x104
          RenderTableRow {TR} at (0,0) size 797x17
            RenderTableCell {TD} at (0,0) size 26x17 [bgcolor=#F0FFF0] [border: (1px dotted #006400)] [r=0 c=0 rs=1 cs=1]
              RenderText {#text} at (2,2) size 23x14
                text run at (2,2) width 23: "hello"
            RenderTableCell {TD} at (26,0) size 745x17 [bgcolor=#F0FFF0] [border: (1px dotted #006400)] [r=0 c=1 rs=1 cs=1]
              RenderText {#text} at (2,2) size 23x14
                text run at (2,2) width 23: "hello"
            RenderTableCell {TD} at (771,0) size 26x17 [bgcolor=#F0FFF0] [border: (1px dotted #006400)] [r=0 c=2 rs=1 cs=1]
              RenderText {#text} at (2,2) size 23x14
                text run at (2,2) width 23: "hello"
          RenderTableRow {TR} at (0,17) size 797x87
            RenderTableCell {TD} at (0,52) size 26x17 [bgcolor=#F0FFF0] [border: (1px dotted #006400)] [r=1 c=0 rs=1 cs=1]
              RenderText {#text} at (2,2) size 23x14
                text run at (2,2) width 23: "hello"
            RenderTableCell {TD} at (26,17) size 745x87 [bgcolor=#F0FFF0] [border: (1px dotted #006400)] [r=1 c=1 rs=1 cs=1]
              RenderText {#text} at (2,2) size 725x84
                text run at (2,2) width 725: "hello hello hello hello hello hello hello hello hello hello hello hello hello hello hello hello hello hello hello hello hello hello hello hello hello hello hello hello"
                text run at (2,16) width 725: "hello hello hello hello hello hello hello hello hello hello hello hello hello hello hello hello hello hello hello hello hello hello hello hello hello hello hello hello"
                text run at (2,30) width 725: "hello hello hello hello hello hello hello hello hello hello hello hello hello hello hello hello hello hello hello hello hello hello hello hello hello hello hello hello"
                text run at (2,44) width 725: "hello hello hello hello hello hello hello hello hello hello hello hello hello hello hello hello hello hello hello hello hello hello hello hello hello hello hello hello"
                text run at (2,58) width 725: "hello hello hello hello hello hello hello hello hello hello hello hello hello hello hello hello hello hello hello hello hello hello hello hello hello hello hello hello"
                text run at (2,72) width 309: "hello hello hello hello hello hello hello hello hello hello hello hello"
            RenderTableCell {TD} at (771,52) size 26x17 [bgcolor=#F0FFF0] [border: (1px dotted #006400)] [r=1 c=2 rs=1 cs=1]
              RenderText {#text} at (2,2) size 23x14
                text run at (2,2) width 23: "hello"
