layer at (0,0) size 800x600
  RenderView at (0,0) size 800x600
layer at (0,0) size 800x297
  RenderBlock {HTML} at (0,0) size 800x297
    RenderBody {BODY} at (0,0) size 800x296
      RenderBlock {DIV} at (0,0) size 600x36
        RenderText {#text} at (0,0) size 308x14
          text run at (0,0) width 308: "Table autosizing tests - single-percent-width-cell-lots-of-text.html"
        RenderBR {BR} at (308,0) size 0x14
        RenderText {#text} at (0,14) size 492x14
          text run at (0,14) width 492: "This test passes if there is a one cell with lots of text that's autosized, and five cells that are not autosized."
      RenderTable {TABLE} at (1,37) size 798x259 [border: none]
        RenderTableSection {TBODY} at (0,0) size 797x258
          RenderTableRow {TR} at (0,0) size 797x17
            RenderTableCell {TD} at (0,0) size 279x17 [bgcolor=#F0FFF0] [border: (1px dotted #006400)] [r=0 c=0 rs=1 cs=1]
              RenderText {#text} at (2,2) size 23x14
                text run at (2,2) width 23: "hello"
            RenderTableCell {TD} at (279,0) size 239x17 [bgcolor=#F0FFF0] [border: (1px dotted #006400)] [r=0 c=1 rs=1 cs=1]
              RenderText {#text} at (2,2) size 23x14
                text run at (2,2) width 23: "hello"
            RenderTableCell {TD} at (518,0) size 279x17 [bgcolor=#F0FFF0] [border: (1px dotted #006400)] [r=0 c=2 rs=1 cs=1]
              RenderText {#text} at (2,2) size 23x14
                text run at (2,2) width 23: "hello"
          RenderTableRow {TR} at (0,17) size 797x241
            RenderTableCell {TD} at (0,129) size 279x17 [bgcolor=#F0FFF0] [border: (1px dotted #006400)] [r=1 c=0 rs=1 cs=1]
              RenderText {#text} at (2,2) size 23x14
                text run at (2,2) width 23: "hello"
            RenderTableCell {TD} at (279,17) size 239x241 [bgcolor=#F0FFF0] [border: (1px dotted #006400)] [r=1 c=1 rs=1 cs=1]
              RenderText {#text} at (2,2) size 231x238
                text run at (2,2) width 231: "hello hello hello hello hello hello hello hello hello"
                text run at (2,16) width 231: "hello hello hello hello hello hello hello hello hello"
                text run at (2,30) width 231: "hello hello hello hello hello hello hello hello hello"
                text run at (2,44) width 231: "hello hello hello hello hello hello hello hello hello"
                text run at (2,58) width 231: "hello hello hello hello hello hello hello hello hello"
                text run at (2,72) width 231: "hello hello hello hello hello hello hello hello hello"
                text run at (2,86) width 231: "hello hello hello hello hello hello hello hello hello"
                text run at (2,100) width 231: "hello hello hello hello hello hello hello hello hello"
                text run at (2,114) width 231: "hello hello hello hello hello hello hello hello hello"
                text run at (2,128) width 231: "hello hello hello hello hello hello hello hello hello"
                text run at (2,142) width 231: "hello hello hello hello hello hello hello hello hello"
                text run at (2,156) width 231: "hello hello hello hello hello hello hello hello hello"
                text run at (2,170) width 231: "hello hello hello hello hello hello hello hello hello"
                text run at (2,184) width 231: "hello hello hello hello hello hello hello hello hello"
                text run at (2,198) width 231: "hello hello hello hello hello hello hello hello hello"
                text run at (2,212) width 231: "hello hello hello hello hello hello hello hello hello"
                text run at (2,226) width 205: "hello hello hello hello hello hello hello hello"
            RenderTableCell {TD} at (518,129) size 279x17 [bgcolor=#F0FFF0] [border: (1px dotted #006400)] [r=1 c=2 rs=1 cs=1]
              RenderText {#text} at (2,2) size 23x14
                text run at (2,2) width 23: "hello"
