layer at (0,0) size 800x600
  RenderView at (0,0) size 800x600
layer at (0,0) size 800x171
  RenderBlock {HTML} at (0,0) size 800x171
    RenderBody {BODY} at (0,0) size 800x170
      RenderBlock {DIV} at (0,0) size 600x36
        RenderText {#text} at (0,0) size 208x14
          text run at (0,0) width 208: "Table autosizing tests - table-for-layout.html"
        RenderBR {BR} at (208,0) size 0x14
        RenderText {#text} at (0,14) size 247x14
          text run at (0,14) width 247: "This test passes if the main content area is autosized."
      RenderTable {TABLE} at (1,37) size 798x133 [border: none]
        RenderTableSection {TBODY} at (0,0) size 797x132
          RenderTableRow {TR} at (0,0) size 797x17
            RenderTableCell {TD} at (0,0) size 797x17 [bgcolor=#F0FFF0] [border: (1px dotted #006400)] [r=0 c=0 rs=1 cs=2]
              RenderText {#text} at (2,2) size 21x14
                text run at (2,2) width 21: "Title"
          RenderTableRow {TR} at (0,17) size 797x115
            RenderTableCell {TD} at (0,17) size 52x115 [bgcolor=#F0FFF0] [border: (1px dotted #006400)] [r=1 c=0 rs=1 cs=1]
              RenderText {#text} at (2,2) size 23x14
                text run at (2,2) width 23: "hello"
              RenderBR {BR} at (25,2) size 0x14
              RenderText {#text} at (2,16) size 49x14
                text run at (2,16) width 49: "navigation"
              RenderBR {BR} at (51,16) size 0x14
              RenderText {#text} at (2,30) size 49x14
                text run at (2,30) width 49: "navigation"
              RenderBR {BR} at (51,30) size 0x14
              RenderText {#text} at (2,44) size 49x14
                text run at (2,44) width 49: "navigation"
              RenderBR {BR} at (51,44) size 0x14
              RenderText {#text} at (2,58) size 49x14
                text run at (2,58) width 49: "navigation"
              RenderBR {BR} at (51,58) size 0x14
              RenderText {#text} at (2,72) size 49x14
                text run at (2,72) width 49: "navigation"
              RenderBR {BR} at (51,72) size 0x14
              RenderText {#text} at (2,86) size 49x14
                text run at (2,86) width 49: "navigation"
              RenderBR {BR} at (51,86) size 0x14
              RenderText {#text} at (2,100) size 49x14
                text run at (2,100) width 49: "navigation"
              RenderBR {BR} at (51,100) size 0x14
            RenderTableCell {TD} at (52,45) size 745x59 [bgcolor=#F0FFF0] [border: (1px dotted #006400)] [r=1 c=1 rs=1 cs=1]
              RenderText {#text} at (2,2) size 725x56
                text run at (2,2) width 725: "hello hello hello hello hello hello hello hello hello hello hello hello hello hello hello hello hello hello hello hello hello hello hello hello hello hello hello hello"
                text run at (2,16) width 725: "hello hello hello hello hello hello hello hello hello hello hello hello hello hello hello hello hello hello hello hello hello hello hello hello hello hello hello hello"
                text run at (2,30) width 725: "hello hello hello hello hello hello hello hello hello hello hello hello hello hello hello hello hello hello hello hello hello hello hello hello hello hello hello hello"
                text run at (2,44) width 517: "hello hello hello hello hello hello hello hello hello hello hello hello hello hello hello hello hello hello hello hello"
